warmup: matched 20 entities
measured: matched 320 entities
{
  "input_records": 941,
  "unique_valid_events": 870,
  "entities": 300,
  "seconds_to_drain": 11.671255228000064,
  "unique_events_per_second": 74.54211076738483,
  "latency_seconds": {
    "p50": 8.330267785999922,
    "p95": 10.707758747050297,
    "p99": 10.828029112310315
  },
  "latency_definition": "before Kafka send to first observed committed SQL event; 100ms polling",
  "reconciliation": {
    "run_id": "adf5bfd5548444c58264ea16cd0e8656",
    "created_at": "2026-09-25T16:28:02.196378+00:00",
    "expected_count": 320,
    "internal_count": 320,
    "matched": 320,
    "issues": []
  }
}
crash recovery: matched 370 entities
redelivery: matched 370 entities
{
  "created_at": "2026-09-25T16:27:32.548022+00:00",
  "mode": "native Kafka/Spark/Iceberg/SQLite",
  "excluded": [
    "Docker",
    "PostgreSQL",
    "Airflow",
    "AWS"
  ],
  "phases": {
    "warmup": {
      "seconds": 11.336737513999651,
      "reconciliation": {
        "run_id": "78351b3849184853832ae1d0ce9dc0cb",
        "created_at": "2026-09-25T16:27:48.514716+00:00",
        "expected_count": 20,
        "internal_count": 20,
        "matched": 20,
        "issues": []
      }
    },
    "measured_burst": {
      "input_records": 941,
      "unique_valid_events": 870,
      "entities": 300,
      "seconds_to_drain": 11.671255228000064,
      "unique_events_per_second": 74.54211076738483,
      "latency_seconds": {
        "p50": 8.330267785999922,
        "p95": 10.707758747050297,
        "p99": 10.828029112310315
      },
      "latency_definition": "before Kafka send to first observed committed SQL event; 100ms polling",
      "reconciliation": {
        "run_id": "adf5bfd5548444c58264ea16cd0e8656",
        "created_at": "2026-09-25T16:28:02.196378+00:00",
        "expected_count": 320,
        "internal_count": 320,
        "matched": 320,
        "issues": []
      }
    },
    "crash_recovery": {
      "backlog_records": 152,
      "seconds_from_restart_to_drain": 11.69991624000022,
      "reconciliation": {
        "run_id": "7566ec92683e4a69ac2911b00651bf62",
        "created_at": "2026-09-25T16:28:16.067372+00:00",
        "expected_count": 370,
        "internal_count": 370,
        "matched": 370,
        "issues": []
      }
    },
    "duplicate_redelivery": {
      "resent": 20,
      "reconciliation": {
        "run_id": "a223633b2d3940538abfc602a389adc8",
        "created_at": "2026-09-25T16:28:21.134917+00:00",
        "expected_count": 370,
        "internal_count": 370,
        "matched": 370,
        "issues": []
      }
    }
  },
  "final_sql_counts": {
    "raw_records": 1177,
    "events": 1068,
    "entities": 370
  },
  "raw_outcomes": {
    "accepted": 1068,
    "duplicate": 74,
    "quarantined": 35
  },
  "iceberg": {
    "bronze.raw_events": 1177,
    "silver.entities": 370,
    "gold.current_totals": 6,
    "gold_entity_count": 370
  },
  "status": "passed"
}
